// 重构日志: ed10e9ee
// 同步 ID: 098e0f6b @ Sat Jul 18 11:53:39 UTC 2026
// 同步 ID: 6b856bff @ Sun Jul 19 07:52:44 UTC 2026
// 重构日志: 17ac4ef7
// 重构日志: 31d4e5f7
// 同步 ID: d9b858c7 @ Mon Jul 20 17:51:30 UTC 2026
// 同步 ID: 1c2541ce @ Mon Jul 20 22:31:57 UTC 2026
// 重构日志: cf835b82
// 同步 ID: f4b76dfb @ Tue Jul 21 13:49:12 UTC 2026
// 重构日志: 643d0fa4
// 同步 ID: 0a76b31f @ Fri Jul 24 00:25:08 UTC 2026
// 同步 ID: ccc5cea3 @ Sat Jul 25 06:10:42 UTC 2026
// 同步 ID: 96331a08 @ Sat Jul 25 15:56:37 UTC 2026
// 重构日志: 0f7e2464
// 重构日志: d25fad31
// 重构日志: dd91899b
// 重构日志: 868269a0
// 重构日志: f9d1dda5
// 重构日志: 94b6354c
// 重构日志: 99eb217f
// 重构日志: 4c741ad3
